
> itera-health-landing-page@0.0.0 test
> vitest


[1m[44m DEV [49m[22m [34mv4.0.18 [39m[90mD:/Dev/Antigravity/itera-health-landing-page[39m

ΓÄ»ΓÄ»ΓÄ»ΓÄ»ΓÄ»ΓÄ» Unhandled Errors ΓÄ»ΓÄ»ΓÄ»ΓÄ»ΓÄ»ΓÄ»

Vitest caught 1 unhandled error during the test run.
This might cause false positive tests. Resolve unhandled errors to make sure your tests are not affected.

ΓÄ»ΓÄ»ΓÄ»ΓÄ»ΓÄ»ΓÄ» Unhandled Error ΓÄ»ΓÄ»ΓÄ»ΓÄ»ΓÄ»ΓÄ»ΓÄ»
Error: [vitest-pool]: Failed to start forks worker for test files D:/Dev/Antigravity/itera-health-landing-page/App.test.tsx.
 Γ¥» node_modules/vitest/dist/chunks/cli-api.B7PN_QUv.js:8046:94
 Γ¥» processTicksAndRejections node:internal/process/task_queues:95:5
 Γ¥» Pool.schedule node_modules/vitest/dist/chunks/cli-api.B7PN_QUv.js:8046:5

Caused by: Error: require() of ES Module D:\Dev\Antigravity\itera-health-landing-page\node_modules\@exodus\bytes\encoding-lite.js from D:\Dev\Antigravity\itera-health-landing-page\node_modules\html-encoding-sniffer\lib\html-encoding-sniffer.js not supported.
Instead change the require of encoding-lite.js in D:\Dev\Antigravity\itera-health-landing-page\node_modules\html-encoding-sniffer\lib\html-encoding-sniffer.js to a dynamic import() which is available in all CommonJS modules.
 Γ¥» Object.<anonymous> node_modules/html-encoding-sniffer/lib/html-encoding-sniffer.js:2:41

ΓÄ»ΓÄ»ΓÄ»ΓÄ»ΓÄ»ΓÄ»ΓÄ»ΓÄ»ΓÄ»ΓÄ»ΓÄ»ΓÄ»ΓÄ»ΓÄ»ΓÄ»ΓÄ»ΓÄ»ΓÄ»ΓÄ»ΓÄ»ΓÄ»ΓÄ»ΓÄ»ΓÄ»ΓÄ»ΓÄ»ΓÄ»ΓÄ»ΓÄ»ΓÄ»
Serialized Error: { code: 'ERR_REQUIRE_ESM' }
ΓÄ»ΓÄ»ΓÄ»ΓÄ»ΓÄ»ΓÄ»ΓÄ»ΓÄ»ΓÄ»ΓÄ»ΓÄ»ΓÄ»ΓÄ»ΓÄ»ΓÄ»ΓÄ»ΓÄ»ΓÄ»ΓÄ»ΓÄ»ΓÄ»ΓÄ»ΓÄ»ΓÄ»ΓÄ»ΓÄ»ΓÄ»ΓÄ»ΓÄ»ΓÄ»


[2m Test Files [22m [2mno tests[22m
[2m      Tests [22m [2mno tests[22m
[2m     Errors [22m [1m[31m1 error[39m[22m
[2m   Start at [22m 17:56:30
[2m   Duration [22m 230ms[2m (transform 0ms, setup 0ms, import 0ms, tests 0ms, environment 0ms)[22m

[1m[41m FAIL [49m[22m [31mTests failed. Watching for file changes...[39m
       [2mpress [22m[1mh[22m[2m to show help[22m[2m, [22m[2mpress [22m[1mq[22m[2m to quit[22m
[31mCancelling test run. Press CTRL+c again to exit forcefully.
[39m
